This is pdfTeX, Version 3.141592653-2.6-1.40.28 (MiKTeX 25.12) (preloaded format=pdflatex 2026.7.2)  11 JUL 2026 13:31
entering extended mode
 restricted \write18 enabled.
 %&-line parsing enabled.
**./main.tex
(main.tex
LaTeX2e <2025-11-01>
L3 programming layer <2025-12-24>
(C:\Users\carlo\AppData\Local\Programs\MiKTeX\tex/latex/base\report.cls
Document Class: report 2025/01/22 v1.4n Standard LaTeX document class
(C:\Users\carlo\AppData\Local\Programs\MiKTeX\tex/latex/base\size11.clo
File: size11.clo 2025/01/22 v1.4n Standard LaTeX file (size option)
)
\c@part=\count275
\c@chapter=\count276
\c@section=\count277
\c@subsection=\count278
\c@subsubsection=\count279
\c@paragraph=\count280
\c@subparagraph=\count281
\c@figure=\count282
\c@table=\count283
\abovecaptionskip=\skip49
\belowcaptionskip=\skip50
\bibindent=\dimen148
) (C:\Users\carlo\AppData\Local\Programs\MiKTeX\tex/latex/geometry\geometry.sty
Package: geometry 2026/03/07 v6.0 Page Geometry
(C:\Users\carlo\AppData\Local\Programs\MiKTeX\tex/latex/graphics\keyval.sty
Package: keyval 2022/05/29 v1.15 key=value parser (DPC)
\KV@toks@=\toks17
) (C:\Users\carlo\AppData\Local\Programs\MiKTeX\tex/generic/iftex\ifvtex.sty
Package: ifvtex 2019/10/25 v1.7 ifvtex legacy package. Use iftex instead.
(C:\Users\carlo\AppData\Local\Programs\MiKTeX\tex/generic/iftex\iftex.sty
Package: iftex 2024/12/12 v1.0g TeX engine tests
))
\Gm@cnth=\count284
\Gm@cntv=\count285
\c@Gm@tempcnt=\count286
\Gm@bindingoffset=\dimen149
\Gm@wd@mp=\dimen150
\Gm@odd@mp=\dimen151
\Gm@even@mp=\dimen152
\Gm@layoutwidth=\dimen153
\Gm@layoutheight=\dimen154
\Gm@layouthoffset=\dimen155
\Gm@layoutvoffset=\dimen156
\Gm@dimlist=\toks18
(C:\Users\carlo\AppData\Local\Programs\MiKTeX\tex/latex/geometry\geometry.cfg))
(C:\Users\carlo\AppData\Local\Programs\MiKTeX\tex/latex/base\inputenc.sty
Package: inputenc 2024/02/08 v1.3d Input encoding file
\inpenc@prehook=\toks19
\inpenc@posthook=\toks20
) (C:\Users\carlo\AppData\Local\Programs\MiKTeX\tex/generic/babel\babel.sty
Package: babel 2025/12/11 v25.17 The multilingual framework for LuaLaTeX, pdfLa
TeX and XeLaTeX
\babel@savecnt=\count287
LaTeX Encoding Info:    Redeclaring text command \ij (encoding OT1) on input li
ne 2068.
LaTeX Encoding Info:    Redeclaring text command \IJ (encoding OT1) on input li
ne 2070.
LaTeX Encoding Info:    Redeclaring text command \ij (encoding T1) on input lin
e 2072.
LaTeX Encoding Info:    Redeclaring text command \IJ (encoding T1) on input lin
e 2073.
LaTeX Encoding Info:    Ignoring declaration for text command \ij (encoding ?) 
on input line 2074.
LaTeX Encoding Info:    Ignoring declaration for text command \IJ (encoding ?) 
on input line 2076.
LaTeX Encoding Info:    Ignoring declaration for text command \SS (encoding ?) 
on input line 2101.
\U@D=\dimen157
\l@unhyphenated=\language79
(C:\Users\carlo\AppData\Local\Programs\MiKTeX\tex/generic/babel\txtbabel.def)
\bbl@readstream=\read2
\bbl@dirlevel=\count288
Package babel Info: Configuration files are deprecated, as
(babel)             they can break document portability.
(babel)             Reported on input line 4196.
*************************************
* Local config file bblopts.cfg used
*
(C:\Users\carlo\AppData\Local\Programs\MiKTeX\tex/latex/arabi\bblopts.cfg
File: bblopts.cfg 2005/09/08 v0.1 add Arabic and Farsi to "declared" options of
 babel
)
(C:\Users\carlo\AppData\Local\Programs\MiKTeX\tex/generic/babel/locale/es\babel
-spanish.tex)
Package babel Info: Importing font and identification data for spanish
(babel)             from babel-es.ini. Reported on input line 4320.

(C:\Users\carlo\AppData\Local\Programs\MiKTeX\tex/latex/babel-spanish\spanish.l
df
Language: spanish.ldf 2021/05/27 v5.0q Spanish support from the babel system
\es@quottoks=\toks21
\es@quotdepth=\count289
Package babel Info: Making " an active character on input line 570.
Package babel Info: Making . an active character on input line 675.
Package babel Info: Making < an active character on input line 722.
Package babel Info: Making > an active character on input line 722.
))
LaTeX Encoding Info:    Redeclaring text command \guillemotleft (encoding OT1) 
on input line 7.
LaTeX Encoding Info:    Redeclaring text command \guillemotright (encoding OT1)
 on input line 7.
(C:\Users\carlo\AppData\Local\Programs\MiKTeX\tex/latex/tocloft\tocloft.sty
Package: tocloft 2017/08/31 v2.3i parameterised ToC, etc., typesetting
Package tocloft Info: The document has chapter divisions on input line 51.
\cftparskip=\skip51
\cftbeforetoctitleskip=\skip52
\cftaftertoctitleskip=\skip53
\cftbeforepartskip=\skip54
\cftpartnumwidth=\skip55
\cftpartindent=\skip56
\cftbeforechapskip=\skip57
\cftchapindent=\skip58
\cftchapnumwidth=\skip59
\cftbeforesecskip=\skip60
\cftsecindent=\skip61
\cftsecnumwidth=\skip62
\cftbeforesubsecskip=\skip63
\cftsubsecindent=\skip64
\cftsubsecnumwidth=\skip65
\cftbeforesubsubsecskip=\skip66
\cftsubsubsecindent=\skip67
\cftsubsubsecnumwidth=\skip68
\cftbeforeparaskip=\skip69
\cftparaindent=\skip70
\cftparanumwidth=\skip71
\cftbeforesubparaskip=\skip72
\cftsubparaindent=\skip73
\cftsubparanumwidth=\skip74
\cftbeforeloftitleskip=\skip75
\cftafterloftitleskip=\skip76
\cftbeforefigskip=\skip77
\cftfigindent=\skip78
\cftfignumwidth=\skip79
\c@lofdepth=\count290
\c@lotdepth=\count291
\cftbeforelottitleskip=\skip80
\cftafterlottitleskip=\skip81
\cftbeforetabskip=\skip82
\cfttabindent=\skip83
\cfttabnumwidth=\skip84
) (C:\Users\carlo\AppData\Local\Programs\MiKTeX\tex/latex/psnfss\helvet.sty
Package: helvet 2020/03/25 PSNFSS-v9.3 (WaS) 
) (C:\Users\carlo\AppData\Local\Programs\MiKTeX\tex/latex/setspace\setspace.sty
Package: setspace 2022/12/04 v6.7b set line spacing
) (C:\Users\carlo\AppData\Local\Programs\MiKTeX\tex/latex/etoolbox\etoolbox.sty
Package: etoolbox 2025/10/02 v2.5m e-TeX tools for LaTeX (JAW)
\etb@tempcnta=\count292
) (C:\Users\carlo\AppData\Local\Programs\MiKTeX\tex/latex/amsmath\amsmath.sty
Package: amsmath 2025/07/09 v2.17z AMS math features
\@mathmargin=\skip85
For additional information on amsmath, use the `?' option.
(C:\Users\carlo\AppData\Local\Programs\MiKTeX\tex/latex/amsmath\amstext.sty
Package: amstext 2024/11/17 v2.01 AMS text
(C:\Users\carlo\AppData\Local\Programs\MiKTeX\tex/latex/amsmath\amsgen.sty
File: amsgen.sty 1999/11/30 v2.0 generic functions
\@emptytoks=\toks22
\ex@=\dimen158
)) (C:\Users\carlo\AppData\Local\Programs\MiKTeX\tex/latex/amsmath\amsbsy.sty
Package: amsbsy 1999/11/29 v1.2d Bold Symbols
\pmbraise@=\dimen159
) (C:\Users\carlo\AppData\Local\Programs\MiKTeX\tex/latex/amsmath\amsopn.sty
Package: amsopn 2022/04/08 v2.04 operator names
)
\inf@bad=\count293
LaTeX Info: Redefining \frac on input line 233.
\uproot@=\count294
\leftroot@=\count295
LaTeX Info: Redefining \overline on input line 398.
LaTeX Info: Redefining \colon on input line 409.
\classnum@=\count296
\DOTSCASE@=\count297
LaTeX Info: Redefining \ldots on input line 495.
LaTeX Info: Redefining \dots on input line 498.
LaTeX Info: Redefining \cdots on input line 619.
\Mathstrutbox@=\box53
\strutbox@=\box54
LaTeX Info: Redefining \big on input line 721.
LaTeX Info: Redefining \Big on input line 722.
LaTeX Info: Redefining \bigg on input line 723.
LaTeX Info: Redefining \Bigg on input line 724.
\big@size=\dimen160
LaTeX Font Info:    Redeclaring font encoding OML on input line 742.
LaTeX Font Info:    Redeclaring font encoding OMS on input line 743.
\macc@depth=\count298
LaTeX Info: Redefining \bmod on input line 904.
LaTeX Info: Redefining \pmod on input line 909.
LaTeX Info: Redefining \smash on input line 939.
LaTeX Info: Redefining \relbar on input line 969.
LaTeX Info: Redefining \Relbar on input line 970.
\c@MaxMatrixCols=\count299
\dotsspace@=\muskip17
\c@parentequation=\count300
\dspbrk@lvl=\count301
\tag@help=\toks23
\row@=\count302
\column@=\count303
\maxfields@=\count304
\andhelp@=\toks24
\eqnshift@=\dimen161
\alignsep@=\dimen162
\tagshift@=\dimen163
\tagwidth@=\dimen164
\totwidth@=\dimen165
\lineht@=\dimen166
\@envbody=\toks25
\multlinegap=\skip86
\multlinetaggap=\skip87
\mathdisplay@stack=\toks26
LaTeX Info: Redefining \[ on input line 2950.
LaTeX Info: Redefining \] on input line 2951.
) (C:\Users\carlo\AppData\Local\Programs\MiKTeX\tex/latex/amsfonts\amssymb.sty
Package: amssymb 2013/01/14 v3.01 AMS font symbols
(C:\Users\carlo\AppData\Local\Programs\MiKTeX\tex/latex/amsfonts\amsfonts.sty
Package: amsfonts 2013/01/14 v3.01 Basic AMSFonts support
\symAMSa=\mathgroup4
\symAMSb=\mathgroup5
LaTeX Font Info:    Redeclaring math symbol \hbar on input line 98.
LaTeX Font Info:    Overwriting math alphabet `\mathfrak' in version `bold'
(Font)                  U/euf/m/n --> U/euf/b/n on input line 106.
)) (C:\Users\carlo\AppData\Local\Programs\MiKTeX\tex/latex/graphics\graphicx.st
y
Package: graphicx 2024/12/31 v1.2e Enhanced LaTeX Graphics (DPC,SPQR)
(C:\Users\carlo\AppData\Local\Programs\MiKTeX\tex/latex/graphics\graphics.sty
Package: graphics 2024/08/06 v1.4g Standard LaTeX Graphics (DPC,SPQR)
(C:\Users\carlo\AppData\Local\Programs\MiKTeX\tex/latex/graphics\trig.sty
Package: trig 2023/12/02 v1.11 sin cos tan (DPC)
)
(C:\Users\carlo\AppData\Local\Programs\MiKTeX\tex/latex/graphics-cfg\graphics.c
fg
File: graphics.cfg 2016/06/04 v1.11 sample graphics configuration
)
Package graphics Info: Driver file: pdftex.def on input line 106.

(C:\Users\carlo\AppData\Local\Programs\MiKTeX\tex/latex/graphics-def\pdftex.def
File: pdftex.def 2025/09/29 v1.2d Graphics/color driver for pdftex
))
\Gin@req@height=\dimen167
\Gin@req@width=\dimen168
) (C:\Users\carlo\AppData\Local\Programs\MiKTeX\tex/latex/booktabs\booktabs.sty
Package: booktabs 2020/01/12 v1.61803398 Publication quality tables
\heavyrulewidth=\dimen169
\lightrulewidth=\dimen170
\cmidrulewidth=\dimen171
\belowrulesep=\dimen172
\belowbottomsep=\dimen173
\aboverulesep=\dimen174
\abovetopsep=\dimen175
\cmidrulesep=\dimen176
\cmidrulekern=\dimen177
\defaultaddspace=\dimen178
\@cmidla=\count305
\@cmidlb=\count306
\@aboverulesep=\dimen179
\@belowrulesep=\dimen180
\@thisruleclass=\count307
\@lastruleclass=\count308
\@thisrulewidth=\dimen181
) (C:\Users\carlo\AppData\Local\Programs\MiKTeX\tex/latex/float\float.sty
Package: float 2001/11/08 v1.3d Float enhancements (AL)
\c@float@type=\count309
\float@exts=\toks27
\float@box=\box55
\@float@everytoks=\toks28
\@floatcapt=\box56
) (C:\Users\carlo\AppData\Local\Programs\MiKTeX\tex/latex/tools\array.sty
Package: array 2025/09/25 v2.6n Tabular extension package (FMi)
\col@sep=\dimen182
\ar@mcellbox=\box57
\extrarowheight=\dimen183
\NC@list=\toks29
\extratabsurround=\skip88
\backup@length=\skip89
\ar@cellbox=\box58
)
(C:\Users\carlo\AppData\Local\Programs\MiKTeX\tex/latex/pgf/frontendlayer\tikz.
sty (C:\Users\carlo\AppData\Local\Programs\MiKTeX\tex/latex/pgf/basiclayer\pgf.
sty
(C:\Users\carlo\AppData\Local\Programs\MiKTeX\tex/latex/pgf/utilities\pgfrcs.st
y
(C:\Users\carlo\AppData\Local\Programs\MiKTeX\tex/generic/pgf/utilities\pgfutil
-common.tex
\pgfutil@everybye=\toks30
\pgfutil@tempdima=\dimen184
\pgfutil@tempdimb=\dimen185
)
(C:\Users\carlo\AppData\Local\Programs\MiKTeX\tex/generic/pgf/utilities\pgfutil
-latex.def
\pgfutil@abb=\box59
)
(C:\Users\carlo\AppData\Local\Programs\MiKTeX\tex/generic/pgf/utilities\pgfrcs.
code.tex (C:\Users\carlo\AppData\Local\Programs\MiKTeX\tex/generic/pgf\pgf.revi
sion.tex)
Package: pgfrcs 2025-08-29 v3.1.11a (3.1.11a)
))
Package: pgf 2025-08-29 v3.1.11a (3.1.11a)

(C:\Users\carlo\AppData\Local\Programs\MiKTeX\tex/latex/pgf/basiclayer\pgfcore.
sty
(C:\Users\carlo\AppData\Local\Programs\MiKTeX\tex/latex/pgf/systemlayer\pgfsys.
sty
(C:\Users\carlo\AppData\Local\Programs\MiKTeX\tex/generic/pgf/systemlayer\pgfsy
s.code.tex
Package: pgfsys 2025-08-29 v3.1.11a (3.1.11a)

(C:\Users\carlo\AppData\Local\Programs\MiKTeX\tex/generic/pgf/utilities\pgfkeys
.code.tex
\pgfkeys@pathtoks=\toks31
\pgfkeys@temptoks=\toks32

(C:\Users\carlo\AppData\Local\Programs\MiKTeX\tex/generic/pgf/utilities\pgfkeys
libraryfiltered.code.tex
\pgfkeys@tmptoks=\toks33
))
\pgf@x=\dimen186
\pgf@y=\dimen187
\pgf@xa=\dimen188
\pgf@ya=\dimen189
\pgf@xb=\dimen190
\pgf@yb=\dimen191
\pgf@xc=\dimen192
\pgf@yc=\dimen193
\pgf@xd=\dimen194
\pgf@yd=\dimen195
\w@pgf@writea=\write3
\r@pgf@reada=\read3
\c@pgf@counta=\count310
\c@pgf@countb=\count311
\c@pgf@countc=\count312
\c@pgf@countd=\count313
\t@pgf@toka=\toks34
\t@pgf@tokb=\toks35
\t@pgf@tokc=\toks36
\pgf@sys@id@count=\count314

(C:\Users\carlo\AppData\Local\Programs\MiKTeX\tex/generic/pgf/systemlayer\pgf.c
fg
File: pgf.cfg 2025-08-29 v3.1.11a (3.1.11a)
)
Driver file for pgf: pgfsys-pdftex.def

(C:\Users\carlo\AppData\Local\Programs\MiKTeX\tex/generic/pgf/systemlayer\pgfsy
s-pdftex.def
File: pgfsys-pdftex.def 2025-08-29 v3.1.11a (3.1.11a)

(C:\Users\carlo\AppData\Local\Programs\MiKTeX\tex/generic/pgf/systemlayer\pgfsy
s-common-pdf.def
File: pgfsys-common-pdf.def 2025-08-29 v3.1.11a (3.1.11a)
)))
(C:\Users\carlo\AppData\Local\Programs\MiKTeX\tex/generic/pgf/systemlayer\pgfsy
ssoftpath.code.tex
File: pgfsyssoftpath.code.tex 2025-08-29 v3.1.11a (3.1.11a)
\pgfsyssoftpath@smallbuffer@items=\count315
\pgfsyssoftpath@bigbuffer@items=\count316
)
(C:\Users\carlo\AppData\Local\Programs\MiKTeX\tex/generic/pgf/systemlayer\pgfsy
sprotocol.code.tex
File: pgfsysprotocol.code.tex 2025-08-29 v3.1.11a (3.1.11a)
)) (C:\Users\carlo\AppData\Local\Programs\MiKTeX\tex/latex/xcolor\xcolor.sty
Package: xcolor 2024/09/29 v3.02 LaTeX color extensions (UK)
(C:\Users\carlo\AppData\Local\Programs\MiKTeX\tex/latex/graphics-cfg\color.cfg
File: color.cfg 2016/01/02 v1.6 sample color configuration
)
Package xcolor Info: Driver file: pdftex.def on input line 274.
(C:\Users\carlo\AppData\Local\Programs\MiKTeX\tex/latex/graphics\mathcolor.ltx)
Package xcolor Info: Model `cmy' substituted by `cmy0' on input line 1349.
Package xcolor Info: Model `hsb' substituted by `rgb' on input line 1353.
Package xcolor Info: Model `RGB' extended on input line 1365.
Package xcolor Info: Model `HTML' substituted by `rgb' on input line 1367.
Package xcolor Info: Model `Hsb' substituted by `hsb' on input line 1368.
Package xcolor Info: Model `tHsb' substituted by `hsb' on input line 1369.
Package xcolor Info: Model `HSB' substituted by `hsb' on input line 1370.
Package xcolor Info: Model `Gray' substituted by `gray' on input line 1371.
Package xcolor Info: Model `wave' substituted by `hsb' on input line 1372.
)
(C:\Users\carlo\AppData\Local\Programs\MiKTeX\tex/generic/pgf/basiclayer\pgfcor
e.code.tex
Package: pgfcore 2025-08-29 v3.1.11a (3.1.11a)

(C:\Users\carlo\AppData\Local\Programs\MiKTeX\tex/generic/pgf/math\pgfmath.code
.tex
(C:\Users\carlo\AppData\Local\Programs\MiKTeX\tex/generic/pgf/math\pgfmathutil.
code.tex)
(C:\Users\carlo\AppData\Local\Programs\MiKTeX\tex/generic/pgf/math\pgfmathparse
r.code.tex
\pgfmath@dimen=\dimen196
\pgfmath@count=\count317
\pgfmath@box=\box60
\pgfmath@toks=\toks37
\pgfmath@stack@operand=\toks38
\pgfmath@stack@operation=\toks39
)
(C:\Users\carlo\AppData\Local\Programs\MiKTeX\tex/generic/pgf/math\pgfmathfunct
ions.code.tex)
(C:\Users\carlo\AppData\Local\Programs\MiKTeX\tex/generic/pgf/math\pgfmathfunct
ions.basic.code.tex)
(C:\Users\carlo\AppData\Local\Programs\MiKTeX\tex/generic/pgf/math\pgfmathfunct
ions.trigonometric.code.tex)
(C:\Users\carlo\AppData\Local\Programs\MiKTeX\tex/generic/pgf/math\pgfmathfunct
ions.random.code.tex)
(C:\Users\carlo\AppData\Local\Programs\MiKTeX\tex/generic/pgf/math\pgfmathfunct
ions.comparison.code.tex)
(C:\Users\carlo\AppData\Local\Programs\MiKTeX\tex/generic/pgf/math\pgfmathfunct
ions.base.code.tex)
(C:\Users\carlo\AppData\Local\Programs\MiKTeX\tex/generic/pgf/math\pgfmathfunct
ions.round.code.tex)
(C:\Users\carlo\AppData\Local\Programs\MiKTeX\tex/generic/pgf/math\pgfmathfunct
ions.misc.code.tex)
(C:\Users\carlo\AppData\Local\Programs\MiKTeX\tex/generic/pgf/math\pgfmathfunct
ions.integerarithmetics.code.tex)
(C:\Users\carlo\AppData\Local\Programs\MiKTeX\tex/generic/pgf/math\pgfmathcalc.
code.tex)
(C:\Users\carlo\AppData\Local\Programs\MiKTeX\tex/generic/pgf/math\pgfmathfloat
.code.tex
\c@pgfmathroundto@lastzeros=\count318
))
(C:\Users\carlo\AppData\Local\Programs\MiKTeX\tex/generic/pgf/math\pgfint.code.
tex)
(C:\Users\carlo\AppData\Local\Programs\MiKTeX\tex/generic/pgf/basiclayer\pgfcor
epoints.code.tex
File: pgfcorepoints.code.tex 2025-08-29 v3.1.11a (3.1.11a)
\pgf@picminx=\dimen197
\pgf@picmaxx=\dimen198
\pgf@picminy=\dimen199
\pgf@picmaxy=\dimen256
\pgf@pathminx=\dimen257
\pgf@pathmaxx=\dimen258
\pgf@pathminy=\dimen259
\pgf@pathmaxy=\dimen260
\pgf@xx=\dimen261
\pgf@xy=\dimen262
\pgf@yx=\dimen263
\pgf@yy=\dimen264
\pgf@zx=\dimen265
\pgf@zy=\dimen266
)
(C:\Users\carlo\AppData\Local\Programs\MiKTeX\tex/generic/pgf/basiclayer\pgfcor
epathconstruct.code.tex
File: pgfcorepathconstruct.code.tex 2025-08-29 v3.1.11a (3.1.11a)
\pgf@path@lastx=\dimen267
\pgf@path@lasty=\dimen268
)
(C:\Users\carlo\AppData\Local\Programs\MiKTeX\tex/generic/pgf/basiclayer\pgfcor
epathusage.code.tex
File: pgfcorepathusage.code.tex 2025-08-29 v3.1.11a (3.1.11a)
\pgf@shorten@end@additional=\dimen269
\pgf@shorten@start@additional=\dimen270
)
(C:\Users\carlo\AppData\Local\Programs\MiKTeX\tex/generic/pgf/basiclayer\pgfcor
escopes.code.tex
File: pgfcorescopes.code.tex 2025-08-29 v3.1.11a (3.1.11a)
\pgfpic=\box61
\pgf@hbox=\box62
\pgf@layerbox@main=\box63
\pgf@picture@serial@count=\count319
)
(C:\Users\carlo\AppData\Local\Programs\MiKTeX\tex/generic/pgf/basiclayer\pgfcor
egraphicstate.code.tex
File: pgfcoregraphicstate.code.tex 2025-08-29 v3.1.11a (3.1.11a)
\pgflinewidth=\dimen271
)
(C:\Users\carlo\AppData\Local\Programs\MiKTeX\tex/generic/pgf/basiclayer\pgfcor
etransformations.code.tex
File: pgfcoretransformations.code.tex 2025-08-29 v3.1.11a (3.1.11a)
\pgf@pt@x=\dimen272
\pgf@pt@y=\dimen273
\pgf@pt@temp=\dimen274
)
(C:\Users\carlo\AppData\Local\Programs\MiKTeX\tex/generic/pgf/basiclayer\pgfcor
equick.code.tex
File: pgfcorequick.code.tex 2025-08-29 v3.1.11a (3.1.11a)
)
(C:\Users\carlo\AppData\Local\Programs\MiKTeX\tex/generic/pgf/basiclayer\pgfcor
eobjects.code.tex
File: pgfcoreobjects.code.tex 2025-08-29 v3.1.11a (3.1.11a)
)
(C:\Users\carlo\AppData\Local\Programs\MiKTeX\tex/generic/pgf/basiclayer\pgfcor
epathprocessing.code.tex
File: pgfcorepathprocessing.code.tex 2025-08-29 v3.1.11a (3.1.11a)
)
(C:\Users\carlo\AppData\Local\Programs\MiKTeX\tex/generic/pgf/basiclayer\pgfcor
earrows.code.tex
File: pgfcorearrows.code.tex 2025-08-29 v3.1.11a (3.1.11a)
\pgfarrowsep=\dimen275
)
(C:\Users\carlo\AppData\Local\Programs\MiKTeX\tex/generic/pgf/basiclayer\pgfcor
eshade.code.tex
File: pgfcoreshade.code.tex 2025-08-29 v3.1.11a (3.1.11a)
\pgf@max=\dimen276
\pgf@sys@shading@range@num=\count320
\pgf@shadingcount=\count321
)
(C:\Users\carlo\AppData\Local\Programs\MiKTeX\tex/generic/pgf/basiclayer\pgfcor
eimage.code.tex
File: pgfcoreimage.code.tex 2025-08-29 v3.1.11a (3.1.11a)
)
(C:\Users\carlo\AppData\Local\Programs\MiKTeX\tex/generic/pgf/basiclayer\pgfcor
eexternal.code.tex
File: pgfcoreexternal.code.tex 2025-08-29 v3.1.11a (3.1.11a)
\pgfexternal@startupbox=\box64
)
(C:\Users\carlo\AppData\Local\Programs\MiKTeX\tex/generic/pgf/basiclayer\pgfcor
elayers.code.tex
File: pgfcorelayers.code.tex 2025-08-29 v3.1.11a (3.1.11a)
)
(C:\Users\carlo\AppData\Local\Programs\MiKTeX\tex/generic/pgf/basiclayer\pgfcor
etransparency.code.tex
File: pgfcoretransparency.code.tex 2025-08-29 v3.1.11a (3.1.11a)
)
(C:\Users\carlo\AppData\Local\Programs\MiKTeX\tex/generic/pgf/basiclayer\pgfcor
epatterns.code.tex
File: pgfcorepatterns.code.tex 2025-08-29 v3.1.11a (3.1.11a)
)
(C:\Users\carlo\AppData\Local\Programs\MiKTeX\tex/generic/pgf/basiclayer\pgfcor
erdf.code.tex
File: pgfcorerdf.code.tex 2025-08-29 v3.1.11a (3.1.11a)
)))
(C:\Users\carlo\AppData\Local\Programs\MiKTeX\tex/generic/pgf/modules\pgfmodule
shapes.code.tex
File: pgfmoduleshapes.code.tex 2025-08-29 v3.1.11a (3.1.11a)
\pgfnodeparttextbox=\box65
)
(C:\Users\carlo\AppData\Local\Programs\MiKTeX\tex/generic/pgf/modules\pgfmodule
plot.code.tex
File: pgfmoduleplot.code.tex 2025-08-29 v3.1.11a (3.1.11a)
)
(C:\Users\carlo\AppData\Local\Programs\MiKTeX\tex/latex/pgf/compatibility\pgfco
mp-version-0-65.sty
Package: pgfcomp-version-0-65 2025-08-29 v3.1.11a (3.1.11a)
\pgf@nodesepstart=\dimen277
\pgf@nodesepend=\dimen278
)
(C:\Users\carlo\AppData\Local\Programs\MiKTeX\tex/latex/pgf/compatibility\pgfco
mp-version-1-18.sty
Package: pgfcomp-version-1-18 2025-08-29 v3.1.11a (3.1.11a)
))
(C:\Users\carlo\AppData\Local\Programs\MiKTeX\tex/latex/pgf/utilities\pgffor.st
y
(C:\Users\carlo\AppData\Local\Programs\MiKTeX\tex/latex/pgf/utilities\pgfkeys.s
ty
(C:\Users\carlo\AppData\Local\Programs\MiKTeX\tex/generic/pgf/utilities\pgfkeys
.code.tex)) (C:\Users\carlo\AppData\Local\Programs\MiKTeX\tex/latex/pgf/math\pg
fmath.sty
(C:\Users\carlo\AppData\Local\Programs\MiKTeX\tex/generic/pgf/math\pgfmath.code
.tex))
(C:\Users\carlo\AppData\Local\Programs\MiKTeX\tex/generic/pgf/utilities\pgffor.
code.tex
Package: pgffor 2025-08-29 v3.1.11a (3.1.11a)
\pgffor@iter=\dimen279
\pgffor@skip=\dimen280
\pgffor@stack=\toks40
\pgffor@toks=\toks41
))
(C:\Users\carlo\AppData\Local\Programs\MiKTeX\tex/generic/pgf/frontendlayer/tik
z\tikz.code.tex
Package: tikz 2025-08-29 v3.1.11a (3.1.11a)

(C:\Users\carlo\AppData\Local\Programs\MiKTeX\tex/generic/pgf/libraries\pgflibr
aryplothandlers.code.tex
File: pgflibraryplothandlers.code.tex 2025-08-29 v3.1.11a (3.1.11a)
\pgf@plot@mark@count=\count322
\pgfplotmarksize=\dimen281
)
\tikz@lastx=\dimen282
\tikz@lasty=\dimen283
\tikz@lastxsaved=\dimen284
\tikz@lastysaved=\dimen285
\tikz@lastmovetox=\dimen286
\tikz@lastmovetoy=\dimen287
\tikzleveldistance=\dimen288
\tikzsiblingdistance=\dimen289
\tikz@figbox=\box66
\tikz@figbox@bg=\box67
\tikz@tempbox=\box68
\tikz@tempbox@bg=\box69
\tikztreelevel=\count323
\tikznumberofchildren=\count324
\tikznumberofcurrentchild=\count325
\tikz@fig@count=\count326

(C:\Users\carlo\AppData\Local\Programs\MiKTeX\tex/generic/pgf/modules\pgfmodule
matrix.code.tex
File: pgfmodulematrix.code.tex 2025-08-29 v3.1.11a (3.1.11a)
\pgfmatrixcurrentrow=\count327
\pgfmatrixcurrentcolumn=\count328
\pgf@matrix@numberofcolumns=\count329
)
\tikz@expandcount=\count330

(C:\Users\carlo\AppData\Local\Programs\MiKTeX\tex/generic/pgf/frontendlayer/tik
z/libraries\tikzlibrarytopaths.code.tex
File: tikzlibrarytopaths.code.tex 2025-08-29 v3.1.11a (3.1.11a)
)))
(C:\Users\carlo\AppData\Local\Programs\MiKTeX\tex/generic/pgf/frontendlayer/tik
z/libraries\tikzlibrarypositioning.code.tex
File: tikzlibrarypositioning.code.tex 2025-08-29 v3.1.11a (3.1.11a)
)
(C:\Users\carlo\AppData\Local\Programs\MiKTeX\tex/generic/pgf/libraries\pgflibr
aryarrows.meta.code.tex
File: pgflibraryarrows.meta.code.tex 2025-08-29 v3.1.11a (3.1.11a)
\pgfarrowinset=\dimen290
\pgfarrowlength=\dimen291
\pgfarrowwidth=\dimen292
\pgfarrowlinewidth=\dimen293
)
(C:\Users\carlo\AppData\Local\Programs\MiKTeX\tex/generic/pgf/frontendlayer/tik
z/libraries\tikzlibraryshapes.code.tex
File: tikzlibraryshapes.code.tex 2025-08-29 v3.1.11a (3.1.11a)

(C:\Users\carlo\AppData\Local\Programs\MiKTeX\tex/generic/pgf/frontendlayer/tik
z/libraries\tikzlibraryshapes.geometric.code.tex
File: tikzlibraryshapes.geometric.code.tex 2025-08-29 v3.1.11a (3.1.11a)

(C:\Users\carlo\AppData\Local\Programs\MiKTeX\tex/generic/pgf/libraries/shapes\
pgflibraryshapes.geometric.code.tex
File: pgflibraryshapes.geometric.code.tex 2025-08-29 v3.1.11a (3.1.11a)
))
(C:\Users\carlo\AppData\Local\Programs\MiKTeX\tex/generic/pgf/frontendlayer/tik
z/libraries\tikzlibraryshapes.misc.code.tex
File: tikzlibraryshapes.misc.code.tex 2025-08-29 v3.1.11a (3.1.11a)

(C:\Users\carlo\AppData\Local\Programs\MiKTeX\tex/generic/pgf/libraries/shapes\
pgflibraryshapes.misc.code.tex
File: pgflibraryshapes.misc.code.tex 2025-08-29 v3.1.11a (3.1.11a)
))
(C:\Users\carlo\AppData\Local\Programs\MiKTeX\tex/generic/pgf/frontendlayer/tik
z/libraries\tikzlibraryshapes.symbols.code.tex
File: tikzlibraryshapes.symbols.code.tex 2025-08-29 v3.1.11a (3.1.11a)

(C:\Users\carlo\AppData\Local\Programs\MiKTeX\tex/generic/pgf/libraries/shapes\
pgflibraryshapes.symbols.code.tex
File: pgflibraryshapes.symbols.code.tex 2025-08-29 v3.1.11a (3.1.11a)
))
(C:\Users\carlo\AppData\Local\Programs\MiKTeX\tex/generic/pgf/frontendlayer/tik
z/libraries\tikzlibraryshapes.arrows.code.tex
File: tikzlibraryshapes.arrows.code.tex 2025-08-29 v3.1.11a (3.1.11a)

(C:\Users\carlo\AppData\Local\Programs\MiKTeX\tex/generic/pgf/libraries/shapes\
pgflibraryshapes.arrows.code.tex
File: pgflibraryshapes.arrows.code.tex 2025-08-29 v3.1.11a (3.1.11a)
))
(C:\Users\carlo\AppData\Local\Programs\MiKTeX\tex/generic/pgf/frontendlayer/tik
z/libraries\tikzlibraryshapes.callouts.code.tex
(C:\Users\carlo\AppData\Local\Programs\MiKTeX\tex/generic/pgf/libraries/shapes\
pgflibraryshapes.callouts.code.tex))
(C:\Users\carlo\AppData\Local\Programs\MiKTeX\tex/generic/pgf/frontendlayer/tik
z/libraries\tikzlibraryshapes.multipart.code.tex
File: tikzlibraryshapes.multipart.code.tex 2025-08-29 v3.1.11a (3.1.11a)

(C:\Users\carlo\AppData\Local\Programs\MiKTeX\tex/generic/pgf/libraries/shapes\
pgflibraryshapes.multipart.code.tex
File: pgflibraryshapes.multipart.code.tex 2025-08-29 v3.1.11a (3.1.11a)
\pgfnodepartlowerbox=\box70
\pgfnodeparttwobox=\box71
\pgfnodepartthreebox=\box72
\pgfnodepartfourbox=\box73
\pgfnodeparttwentybox=\box74
\pgfnodepartnineteenbox=\box75
\pgfnodeparteighteenbox=\box76
\pgfnodepartseventeenbox=\box77
\pgfnodepartsixteenbox=\box78
\pgfnodepartfifteenbox=\box79
\pgfnodepartfourteenbox=\box80
\pgfnodepartthirteenbox=\box81
\pgfnodeparttwelvebox=\box82
\pgfnodepartelevenbox=\box83
\pgfnodeparttenbox=\box84
\pgfnodepartninebox=\box85
\pgfnodeparteightbox=\box86
\pgfnodepartsevenbox=\box87
\pgfnodepartsixbox=\box88
\pgfnodepartfivebox=\box89
)))
(C:\Users\carlo\AppData\Local\Programs\MiKTeX\tex/generic/pgf/frontendlayer/tik
z/libraries\tikzlibrarycalc.code.tex
File: tikzlibrarycalc.code.tex 2025-08-29 v3.1.11a (3.1.11a)
)
(C:\Users\carlo\AppData\Local\Programs\MiKTeX\tex/generic/pgf/frontendlayer/tik
z/libraries\tikzlibraryfit.code.tex
File: tikzlibraryfit.code.tex 2025-08-29 v3.1.11a (3.1.11a)
)
(C:\Users\carlo\AppData\Local\Programs\MiKTeX\tex/generic/pgf/frontendlayer/tik
z/libraries\tikzlibrarybabel.code.tex
File: tikzlibrarybabel.code.tex 2025-08-29 v3.1.11a (3.1.11a)
) (C:\Users\carlo\AppData\Local\Programs\MiKTeX\tex/latex/caption\caption.sty
Package: caption 2023/08/05 v3.6o Customizing captions (AR)
(C:\Users\carlo\AppData\Local\Programs\MiKTeX\tex/latex/caption\caption3.sty
Package: caption3 2023/07/31 v2.4d caption3 kernel (AR)
\caption@tempdima=\dimen294
\captionmargin=\dimen295
\caption@leftmargin=\dimen296
\caption@rightmargin=\dimen297
\caption@width=\dimen298
\caption@indent=\dimen299
\caption@parindent=\dimen300
\caption@hangindent=\dimen301
Package caption Info: Standard document class detected.
)
\c@caption@flags=\count331
\c@continuedfloat=\count332
Package caption Info: float package is loaded.
) (C:\Users\carlo\AppData\Local\Programs\MiKTeX\tex/latex/titlesec\titlesec.sty
Package: titlesec 2025/01/04 v2.17 Sectioning titles
\ttl@box=\box90
\beforetitleunit=\skip90
\aftertitleunit=\skip91
\ttl@plus=\dimen302
\ttl@minus=\dimen303
\ttl@toksa=\toks42
\titlewidth=\dimen304
\titlewidthlast=\dimen305
\titlewidthfirst=\dimen306
) (C:\Users\carlo\AppData\Local\Programs\MiKTeX\tex/latex/hyperref\hyperref.sty
Package: hyperref 2025-07-12 v7.01o Hypertext links for LaTeX

(C:\Users\carlo\AppData\Local\Programs\MiKTeX\tex/latex/kvsetkeys\kvsetkeys.sty
Package: kvsetkeys 2022-10-05 v1.19 Key value parser (HO)
)
(C:\Users\carlo\AppData\Local\Programs\MiKTeX\tex/generic/kvdefinekeys\kvdefine
keys.sty
Package: kvdefinekeys 2019-12-19 v1.6 Define keys (HO)
)
(C:\Users\carlo\AppData\Local\Programs\MiKTeX\tex/generic/pdfescape\pdfescape.s
ty
Package: pdfescape 2019/12/09 v1.15 Implements pdfTeX's escape features (HO)
(C:\Users\carlo\AppData\Local\Programs\MiKTeX\tex/generic/ltxcmds\ltxcmds.sty
Package: ltxcmds 2023-12-04 v1.26 LaTeX kernel commands for general use (HO)
)
(C:\Users\carlo\AppData\Local\Programs\MiKTeX\tex/generic/pdftexcmds\pdftexcmds
.sty
Package: pdftexcmds 2020-06-27 v0.33 Utility functions of pdfTeX for LuaTeX (HO
)

(C:\Users\carlo\AppData\Local\Programs\MiKTeX\tex/generic/infwarerr\infwarerr.s
ty
Package: infwarerr 2019/12/03 v1.5 Providing info/warning/error messages (HO)
)
Package pdftexcmds Info: \pdf@primitive is available.
Package pdftexcmds Info: \pdf@ifprimitive is available.
Package pdftexcmds Info: \pdfdraftmode found.
)) (C:\Users\carlo\AppData\Local\Programs\MiKTeX\tex/latex/hycolor\hycolor.sty
Package: hycolor 2020-01-27 v1.10 Color options for hyperref/bookmark (HO)
) (C:\Users\carlo\AppData\Local\Programs\MiKTeX\tex/latex/hyperref\nameref.sty
Package: nameref 2025-06-21 v2.57 Cross-referencing by name of section
(C:\Users\carlo\AppData\Local\Programs\MiKTeX\tex/latex/refcount\refcount.sty
Package: refcount 2019/12/15 v3.6 Data extraction from label references (HO)
)
(C:\Users\carlo\AppData\Local\Programs\MiKTeX\tex/generic/gettitlestring\gettit
lestring.sty
Package: gettitlestring 2019/12/15 v1.6 Cleanup title references (HO)

(C:\Users\carlo\AppData\Local\Programs\MiKTeX\tex/latex/kvoptions\kvoptions.sty
Package: kvoptions 2022-06-15 v3.15 Key value format for package options (HO)
))
\c@section@level=\count333
)
(C:\Users\carlo\AppData\Local\Programs\MiKTeX\tex/generic/stringenc\stringenc.s
ty
Package: stringenc 2019/11/29 v1.12 Convert strings between diff. encodings (HO
)
)
\@linkdim=\dimen307
\Hy@linkcounter=\count334
\Hy@pagecounter=\count335
(C:\Users\carlo\AppData\Local\Programs\MiKTeX\tex/latex/hyperref\pd1enc.def
File: pd1enc.def 2025-07-12 v7.01o Hyperref: PDFDocEncoding definition (HO)
Now handling font encoding PD1 ...
... no UTF-8 mapping file for font encoding PD1
) (C:\Users\carlo\AppData\Local\Programs\MiKTeX\tex/generic/intcalc\intcalc.sty
Package: intcalc 2019/12/15 v1.3 Expandable calculations with integers (HO)
)
\Hy@SavedSpaceFactor=\count336
(C:\Users\carlo\AppData\Local\Programs\MiKTeX\tex/latex/hyperref\puenc.def
File: puenc.def 2025-07-12 v7.01o Hyperref: PDF Unicode definition (HO)
Now handling font encoding PU ...
... no UTF-8 mapping file for font encoding PU
)
Package hyperref Info: Hyper figures OFF on input line 4195.
Package hyperref Info: Link nesting OFF on input line 4200.
Package hyperref Info: Hyper index ON on input line 4203.
Package hyperref Info: Plain pages OFF on input line 4210.
Package hyperref Info: Backreferencing OFF on input line 4215.
Package hyperref Info: Implicit mode ON; LaTeX internals redefined.
Package hyperref Info: Bookmarks ON on input line 4462.
\c@Hy@tempcnt=\count337
(C:\Users\carlo\AppData\Local\Programs\MiKTeX\tex/latex/url\url.sty
\Urlmuskip=\muskip18
Package: url 2013/09/16  ver 3.4  Verb mode for urls, etc.
)
LaTeX Info: Redefining \url on input line 4801.
\XeTeXLinkMargin=\dimen308
(C:\Users\carlo\AppData\Local\Programs\MiKTeX\tex/generic/bitset\bitset.sty
Package: bitset 2019/12/09 v1.3 Handle bit-vector datatype (HO)

(C:\Users\carlo\AppData\Local\Programs\MiKTeX\tex/generic/bigintcalc\bigintcalc
.sty
Package: bigintcalc 2019/12/15 v1.5 Expandable calculations on big integers (HO
)
))
\Fld@menulength=\count338
\Field@Width=\dimen309
\Fld@charsize=\dimen310
Package hyperref Info: Hyper figures OFF on input line 6078.
Package hyperref Info: Link nesting OFF on input line 6083.
Package hyperref Info: Hyper index ON on input line 6086.
Package hyperref Info: backreferencing OFF on input line 6093.
Package hyperref Info: Link coloring OFF on input line 6098.
Package hyperref Info: Link coloring with OCG OFF on input line 6103.
Package hyperref Info: PDF/A mode OFF on input line 6108.
\Hy@abspage=\count339
\c@Item=\count340
\c@Hfootnote=\count341
)
Package hyperref Info: Driver (autodetected): hpdftex.
(C:\Users\carlo\AppData\Local\Programs\MiKTeX\tex/latex/hyperref\hpdftex.def
File: hpdftex.def 2025-07-12 v7.01o Hyperref driver for pdfTeX
\Fld@listcount=\count342
\c@bookmark@seq@number=\count343

(C:\Users\carlo\AppData\Local\Programs\MiKTeX\tex/latex/rerunfilecheck\rerunfil
echeck.sty
Package: rerunfilecheck 2025-06-21 v1.11 Rerun checks for auxiliary files (HO)

(C:\Users\carlo\AppData\Local\Programs\MiKTeX\tex/generic/uniquecounter\uniquec
ounter.sty
Package: uniquecounter 2019/12/15 v1.4 Provide unlimited unique counter (HO)
)
Package uniquecounter Info: New unique counter `rerunfilecheck' on input line 2
84.
)
\Hy@SectionHShift=\skip92
)
Package hyperref Info: Option `colorlinks' set `true' on input line 92.
LaTeX Font Info:    Trying to load font information for OT1+phv on input line 9
4.
(C:\Users\carlo\AppData\Local\Programs\MiKTeX\tex/latex/psnfss\ot1phv.fd
File: ot1phv.fd 2020/03/25 scalable font definitions for OT1/phv.
)
(C:\Users\carlo\AppData\Local\Programs\MiKTeX\tex/latex/l3backend\l3backend-pdf
tex.def
File: l3backend-pdftex.def 2025-10-09 L3 backend support: PDF output (pdfTeX)
\l__color_backend_stack_int=\count344
) (main.aux (preliminares.aux)
LaTeX Info: Redefining \. on input line 12.
LaTeX Info: Redefining \% on input line 12.
Package babel Info: 'spanish' activates 'spanish' shorthands.
(babel)             Reported on input line 12.
(cap1.aux) (cap2.aux) (cap3.aux) (anexos.aux))
\openout1 = `main.aux'.

LaTeX Font Info:    Checking defaults for OML/cmm/m/it on input line 94.
LaTeX Font Info:    ... okay on input line 94.
LaTeX Font Info:    Checking defaults for OMS/cmsy/m/n on input line 94.
LaTeX Font Info:    ... okay on input line 94.
LaTeX Font Info:    Checking defaults for OT1/cmr/m/n on input line 94.
LaTeX Font Info:    ... okay on input line 94.
LaTeX Font Info:    Checking defaults for T1/cmr/m/n on input line 94.
LaTeX Font Info:    ... okay on input line 94.
LaTeX Font Info:    Checking defaults for TS1/cmr/m/n on input line 94.
LaTeX Font Info:    ... okay on input line 94.
LaTeX Font Info:    Checking defaults for OMX/cmex/m/n on input line 94.
LaTeX Font Info:    ... okay on input line 94.
LaTeX Font Info:    Checking defaults for U/cmr/m/n on input line 94.
LaTeX Font Info:    ... okay on input line 94.
LaTeX Font Info:    Checking defaults for PD1/pdf/m/n on input line 94.
LaTeX Font Info:    ... okay on input line 94.
LaTeX Font Info:    Checking defaults for PU/pdf/m/n on input line 94.
LaTeX Font Info:    ... okay on input line 94.
*geometry* driver: auto-detecting
*geometry* detected driver: pdftex
*geometry* verbose mode - [ preamble ] result:
* driver: pdftex
* paper: a4paper
* layout: <same size as paper>
* layoutoffset:(h,v)=(0.0pt,0.0pt)
* modes: 
* h-part:(L,W,R)=(85.35826pt, 441.01773pt, 71.13188pt)
* v-part:(T,H,B)=(85.35826pt, 688.5567pt, 71.13188pt)
* \paperwidth=597.50787pt
* \paperheight=845.04684pt
* \textwidth=441.01773pt
* \textheight=688.5567pt
* \oddsidemargin=13.08827pt
* \evensidemargin=13.08827pt
* \topmargin=-23.91173pt
* \headheight=12.0pt
* \headsep=25.0pt
* \topskip=11.0pt
* \footskip=30.0pt
* \marginparwidth=50.0pt
* \marginparsep=10.0pt
* \columnsep=10.0pt
* \skip\footins=10.0pt plus 4.0pt minus 2.0pt
* \hoffset=0.0pt
* \voffset=0.0pt
* \mag=1000
* \@twocolumnfalse
* \@twosidefalse
* \@mparswitchfalse
* \@reversemarginfalse
* (1in=72.27pt=25.4mm, 1cm=28.453pt)

LaTeX Info: Redefining \. on input line 94.
LaTeX Info: Redefining \% on input line 94.

(C:\Users\carlo\AppData\Local\Programs\MiKTeX\tex/context/base/mkii\supp-pdf.mk
ii
[Loading MPS to PDF converter (version 2006.09.02).]
\scratchcounter=\count345
\scratchdimen=\dimen311
\scratchbox=\box91
\nofMPsegments=\count346
\nofMParguments=\count347
\everyMPshowfont=\toks43
\MPscratchCnt=\count348
\MPscratchDim=\dimen312
\MPnumerator=\count349
\makeMPintoPDFobject=\count350
\everyMPtoPDFconversion=\toks44
)
(C:\Users\carlo\AppData\Local\Programs\MiKTeX\tex/latex/epstopdf-pkg\epstopdf-b
ase.sty
Package: epstopdf-base 2020-01-24 v2.11 Base part for package epstopdf
Package epstopdf-base Info: Redefining graphics rule for `.eps' on input line 4
85.

(C:\Users\carlo\AppData\Local\Programs\MiKTeX\tex/latex/00miktex\epstopdf-sys.c
fg
File: epstopdf-sys.cfg 2021/03/18 v2.0 Configuration of epstopdf for MiKTeX
))
Package caption Info: Begin \AtBeginDocument code.
Package caption Info: hyperref package is loaded.
Package caption Info: End \AtBeginDocument code.
Package hyperref Info: Link coloring ON on input line 94.
(main.out) (main.out)
\@outlinefile=\write4
\openout4 = `main.out'.

\openout2 = `preliminares.aux'.

(preliminares.tex [1


{C:/Users/carlo/AppData/Local/MiKTeX/fonts/map/pdftex/pdftex.map}{C:/Users/carl
o/AppData/Local/Programs/MiKTeX/fonts/enc/dvips/base/8r.enc}]
LaTeX Font Info:    Trying to load font information for U+msa on input line 51.

(C:\Users\carlo\AppData\Local\Programs\MiKTeX\tex/latex/amsfonts\umsa.fd
File: umsa.fd 2013/01/14 v3.01 AMS symbols A
)
LaTeX Font Info:    Trying to load font information for U+msb on input line 51.

(C:\Users\carlo\AppData\Local\Programs\MiKTeX\tex/latex/amsfonts\umsb.fd
File: umsb.fd 2013/01/14 v3.01 AMS symbols B
) [1

] [2

]
LaTeX Font Info:    Font shape `OT1/phv/m/it' in size <10.95> not available
(Font)              Font shape `OT1/phv/m/sl' tried instead on input line 96.
[3

] [4

] (main.toc
LaTeX Info: Redefining \. on input line 10.
LaTeX Info: Redefining \% on input line 10.

Overfull \hbox (0.27539pt too wide) in paragraph at lines 36--36
 [][] [][][]\OT1/phv/m/n/10.95 Modelos de pro-pa-ga-ci[]on ma-tem[]ati-ca del c
a-nal []opti-co y ecua- 
 []

[5

]
Overfull \hbox (12.9175pt too wide) in paragraph at lines 59--59
 [][] [][][]\OT1/phv/m/n/10.95 GUARD IN-TER-VAL RE-MO-VAL (RE-MO-CI[]ON DE IN-T
ER-VA-LO DE GUAR- 
 []


Overfull \hbox (0.51326pt too wide) in paragraph at lines 62--62
 [][] [][][]\OT1/phv/m/n/10.95 SUBCARRIER DE-ALLOCATION (EX-TRAC-CI[]ON DE SUB-
POR-TA-DO- 
 []


Overfull \hbox (21.39276pt too wide) in paragraph at lines 67--67
 [][] [][][]\OT1/phv/m/n/10.95 PROP[]OSI-TO Y ES-TRUC-TU-RA DEL SCRIPT DE PRUE-
BAS (TEST[]PHY.PY)[][] []  
 []

[6])
\tf@toc=\write5
\openout5 = `main.toc'.

[7] (main.lof
LaTeX Info: Redefining \. on input line 1.
LaTeX Info: Redefining \% on input line 1.

Overfull \hbox (2.97797pt too wide) in paragraph at lines 6--6
 [][] [][][]\OT1/phv/m/n/10.95 Diagrama es-quem[]ati-co de la geo-metr[]^^Pa de
l en-la-ce []opti-co vehi-cu-lar V2I (uplink) 
 []

[8

])
\tf@lof=\write6
\openout6 = `main.lof'.

[9] (main.lot
LaTeX Info: Redefining \. on input line 1.
LaTeX Info: Redefining \% on input line 1.
)
\tf@lot=\write7
\openout7 = `main.lot'.

[10

] [11

])
Overfull \hbox (3.50429pt too wide) in paragraph at lines 151--97
\OT1/phv/b/n/10.95 KEYWORDS: \OT1/phv/m/n/10.95 Vi-si-ble light com-mu-ni-ca-ti
on, V2I com-mu-ni-ca-tion, IEEE 802.11bb, DCO-OFDM,
 []

[12

]
\openout2 = `cap1.aux'.

(cap1.tex
pdfTeX warning (ext4): destination with the same identifier (name{page.1}) has 
been already used, duplicate ignored
<to be read again> 
                   \relax 
l.20 
      [1





] [2]
<arquitectura_v2i.png, id=551, 1606.0pt x 875.27pt>
File: arquitectura_v2i.png Graphic file (type png)
<use arquitectura_v2i.png>
Package pdftex.def Info: arquitectura_v2i.png  used on input line 44.
(pdftex.def)             Requested size: 396.91325pt x 216.31947pt.
[3 <./arquitectura_v2i.png>]
<bloques_vlc.png, id=567, 1606.0pt x 875.27pt>
File: bloques_vlc.png Graphic file (type png)
<use bloques_vlc.png>
Package pdftex.def Info: bloques_vlc.png  used on input line 58.
(pdftex.def)             Requested size: 374.86775pt x 204.2995pt.
[4 <./bloques_vlc.png>] [5] [6]
Underfull \hbox (badness 10000) in paragraph at lines 123--123
[]|\OT1/phv/m/n/10.95 Prepara la MP-DU a[]nadien-do
 []


Underfull \hbox (badness 3815) in paragraph at lines 123--123
\OT1/phv/m/n/10.95 pre[]ambu-los y ges-tio-na la asig-na-
 []


Underfull \hbox (badness 2644) in paragraph at lines 124--124
[]|\OT1/phv/m/n/10.95 Realiza la con-ver-si[]on elec-tro[]opti-ca
 []


Overfull \hbox (9.14719pt too wide) in paragraph at lines 120--126
 [][] 
 []

[7]
<fig_transmisor_bloques.pdf, id=616, 375.94453pt x 140.57118pt>
File: fig_transmisor_bloques.pdf Graphic file (type pdf)
<use fig_transmisor_bloques.pdf>
Package pdftex.def Info: fig_transmisor_bloques.pdf  used on input line 135.
(pdftex.def)             Requested size: 375.9436pt x 140.57083pt.
<fig_receptor_bloques.pdf, id=617, 332.36069pt x 135.55042pt>
File: fig_receptor_bloques.pdf Graphic file (type pdf)
<use fig_receptor_bloques.pdf>
Package pdftex.def Info: fig_receptor_bloques.pdf  used on input line 142.
(pdftex.def)             Requested size: 332.35986pt x 135.55008pt.
[8 <./fig_transmisor_bloques.pdf> <./fig_receptor_bloques.pdf>] [9] [10] [11]
LaTeX Font Info:    Trying to load font information for TS1+phv on input line 2
24.
(C:\Users\carlo\AppData\Local\Programs\MiKTeX\tex/latex/psnfss\ts1phv.fd
File: ts1phv.fd 2020/03/25 scalable font definitions for TS1/phv.
) [12]
Overfull \hbox (24.86356pt too wide) in paragraph at lines 245--246
[] []\OT1/phv/b/n/10.95 I/Q Mod. / I/Q De-mod.[] \OT1/phv/m/n/10.95 El blo-que 
de mo-du-la-ci[]on en fa-se y cua-dra-tu-ra (I/Q, \OT1/phv/m/sl/10.95 In-phase/
Quadrature\OT1/phv/m/n/10.95 )
 []

[13] [14] [15]
Overfull \hbox (9.62236pt too wide) in paragraph at lines 317--317
[]|\OT1/phv/b/n/10.95 Bits/S^^S^^Pmbo-
 []


Underfull \hbox (badness 10000) in paragraph at lines 317--317
[]|\OT1/phv/b/n/10.95 GI 0.8 \TS1/phv/b/n/10.95 µ\OT1/phv/b/n/10.95 s
 []


Underfull \hbox (badness 10000) in paragraph at lines 317--317
[]|\OT1/phv/b/n/10.95 GI 1.6 \TS1/phv/b/n/10.95 µ\OT1/phv/b/n/10.95 s
 []


Underfull \hbox (badness 10000) in paragraph at lines 317--317
[]|\OT1/phv/b/n/10.95 GI 3.2 \TS1/phv/b/n/10.95 µ\OT1/phv/b/n/10.95 s
 []


Overfull \hbox (33.13936pt too wide) in paragraph at lines 315--331
 [][] 
 []

[16] [17]
<Diagrama V2I.png, id=740, 1606.0pt x 875.27pt>
File: Diagrama V2I.png Graphic file (type png)
<use Diagrama V2I.png>
Package pdftex.def Info: Diagrama V2I.png  used on input line 375.
(pdftex.def)             Requested size: 374.86775pt x 204.2995pt.
[18 <./Diagrama V2I.png>] [19] [20]
Underfull \hbox (badness 1783) in paragraph at lines 455--455
[]|\OT1/phv/b/n/10.95 Irrad. So-lar
 []


Underfull \hbox (badness 5359) in paragraph at lines 456--456
[]|\OT1/phv/m/n/10.95 Noche Des-pe-ja-
 []


Underfull \hbox (badness 2237) in paragraph at lines 456--456
[]|\OT1/phv/m/n/10.95 Canal []opti-co ideal sin ate-nua-ci[]on at-
 []


Underfull \hbox (badness 1221) in paragraph at lines 456--456
\OT1/phv/m/n/10.95 mosf[]eri-ca. Rui-do li-mi-ta-do por el rui-do
 []


Underfull \hbox (badness 10000) in paragraph at lines 457--457
[]|\OT1/phv/m/n/10.95 D[]^^Pa So-lea-do
 []


Underfull \hbox (badness 10000) in paragraph at lines 457--457
[]|\OT1/phv/m/n/10.95 Ruido de dis-pa-ro so-lar m[]axi-mo
 []


Underfull \hbox (badness 5105) in paragraph at lines 457--457
\OT1/phv/m/n/10.95 ($\OML/cmm/m/it/10.95 E[] \OT1/cmr/m/n/10.95 = 150[][]$ \OT1
/phv/m/n/10.95 ate-nua-do en
 []


Underfull \hbox (badness 1789) in paragraph at lines 459--459
[]|\OT1/phv/m/n/10.95 Neblina Mo-de-ra-
 []


Overfull \hbox (21.54716pt too wide) in paragraph at lines 453--461
 [][] 
 []

[21]
LaTeX Font Info:    Font shape `OT1/phv/b/it' in size <10.95> not available
(Font)              Font shape `OT1/phv/b/sl' tried instead on input line 469.
[22]) [23]
\openout2 = `cap2.aux'.

(cap2.tex
Cap\'{\i }tulo 2.
[24




]
Underfull \hbox (badness 2564) in paragraph at lines 23--23
[]|\OT1/cmtt/m/n/10.95 fec[]decoder() \OT1/phv/m/n/10.95 (Vi-ter-bi con
 []


Underfull \hbox (badness 10000) in paragraph at lines 25--25
[]|\OT1/cmtt/m/n/10.95 interleave() \OT1/phv/m/n/10.95 /
 []


Underfull \hbox (badness 10000) in paragraph at lines 25--25
[]|\OT1/cmtt/m/n/10.95 deinterleave() \OT1/phv/m/n/10.95 /
 []


Underfull \hbox (badness 10000) in paragraph at lines 26--26
[]|\OT1/cmtt/m/n/10.95 idft[]processing()
 []


Underfull \hbox (badness 10000) in paragraph at lines 26--26
[]|\OT1/cmtt/m/n/10.95 dft[]processing()
 []


Underfull \hbox (badness 10000) in paragraph at lines 29--29
[]|\OT1/cmtt/m/n/10.95 iq[]demodulation() \OT1/phv/m/n/10.95 (Fil-tro
 []


Underfull \hbox (badness 10000) in paragraph at lines 31--31
[]|\OT1/cmtt/m/n/10.95 tx[]optical[]front[]end()
 []


Underfull \hbox (badness 10000) in paragraph at lines 31--31
[]|\OT1/cmtt/m/n/10.95 rx[]optical[]front[]end()
 []


Underfull \hbox (badness 4872) in paragraph at lines 32--32
[]|\OT1/phv/m/n/10.95 Ecualizaci[]on de un to-que
 []


Overfull \hbox (3.45673pt too wide) in paragraph at lines 20--34
 [][] 
 []

[25]
Overfull \hbox (16.41849pt too wide) in paragraph at lines 42--43
\OT1/phv/m/n/10.95 acuer-do con pa-tro-nes de m[]asca-ra de pun-za-do. En el ex
-tre-mo re-cep-tor, la fun-ci[]on \OT1/cmtt/m/n/10.95 depuncture()
 []

[26] [27]
<modulo_espectro_fi.png, id=830, 1606.0pt x 1031.855pt>
File: modulo_espectro_fi.png Graphic file (type png)
<use modulo_espectro_fi.png>
Package pdftex.def Info: modulo_espectro_fi.png  used on input line 89.
(pdftex.def)             Requested size: 330.76329pt x 212.50781pt.

Overfull \hbox (1.30908pt too wide) in paragraph at lines 95--96
\OT1/phv/m/n/10.95 con la Ec. ([][]1.9[][]) del Cap[]^^Ptu-lo 1. La si-mu-la-ci
[]on uti-li-za un bias adap-ta-ti-vo: $\OML/cmm/m/it/10.95 B[] \OT1/cmr/m/n/10.
95 = \OMS/cmsy/m/n/10.95 ^^@ []\OT1/cmr/m/n/10.95 (\OML/cmm/m/it/10.95 s[]\OT1/
cmr/m/n/10.95 (\OML/cmm/m/it/10.95 t\OT1/cmr/m/n/10.95 )) +
 []

[28 <./modulo_espectro_fi.png>]
<modulo_led_intensidad.png, id=839, 1606.0pt x 1031.855pt>
File: modulo_led_intensidad.png Graphic file (type png)
<use modulo_led_intensidad.png>
Package pdftex.def Info: modulo_led_intensidad.png  used on input line 101.
(pdftex.def)             Requested size: 330.76329pt x 212.50781pt.

Overfull \hbox (9.67331pt too wide) in paragraph at lines 117--117
[]|\OT1/cmtt/m/n/10.95 optical[]wireless[]channel()| 
 []


Overfull \hbox (0.61127pt too wide) in paragraph at lines 114--120
 [][] 
 []

[29 <./modulo_led_intensidad.png>]
LaTeX Font Info:    Font shape `OT1/cmtt/bx/n' in size <12> not available
(Font)              Font shape `OT1/cmtt/m/n' tried instead on input line 122.

Overfull \hbox (0.20087pt too wide) in paragraph at lines 128--129
[]$\OML/cmm/m/it/10.95 P[]\OT1/cmr/m/n/10.95 (\OML/cmm/m/it/10.95 t\OT1/cmr/m/n
/10.95 )$\OT1/phv/m/n/10.95 : vec-tor de po-ten-cia []opti-ca emi-ti-da en va-t
ios, sa-li-da de \OT1/cmtt/m/n/10.95 tx[]optical[]front[]end()\OT1/phv/m/n/10.9
5 . 
 []


Overfull \hbox (8.34695pt too wide) in paragraph at lines 130--131
[]$\OML/cmm/m/it/10.95 E[]$\OT1/phv/m/n/10.95 , $\OML/cmm/m/it/10.95 ^^L$\OT1/p
hv/m/n/10.95 : par[]ame-tros del es-ce-na-rio me-teo-rol[]ogi-co ac-ti-vo, de-f
i-ni-dos en \OT1/cmtt/m/n/10.95 config[]entorno.py
 []

[30]
Overfull \hbox (7.29071pt too wide) in paragraph at lines 152--153
\OT1/phv/m/n/10.95 Ne-bli-na Mo-de-ra-da) se pa-ra-me-tri-zan me-dian-te el par
 $\OT1/cmr/m/n/10.95 (\OML/cmm/m/it/10.95 E[];  ^^L\OT1/cmr/m/n/10.95 )$ \OT1/p
hv/m/n/10.95 de-fi-ni-do en \OT1/cmtt/m/n/10.95 config[]entorno.py\OT1/phv/m/n/
10.95 .
 []

[31]
<modulo_comparacion_rx.png, id=873, 1606.0pt x 1031.855pt>
File: modulo_comparacion_rx.png Graphic file (type png)
<use modulo_comparacion_rx.png>
Package pdftex.def Info: modulo_comparacion_rx.png  used on input line 176.
(pdftex.def)             Requested size: 330.76329pt x 212.50781pt.

Overfull \hbox (1.83897pt too wide) in paragraph at lines 182--183
[]\OT1/phv/m/n/10.95 La se[]nal anal[]ogi-ca de-mo-du-la-da se cor-ta y or-ga-n
i-za en la fun-ci[]on \OT1/cmtt/m/n/10.95 remove[]guard[]interval()\OT1/phv/m/n
/10.95 . 
 []

[32 <./modulo_comparacion_rx.png>]
<modulo_constelacion_rx.png, id=882, 1606.0pt x 1031.855pt>
File: modulo_constelacion_rx.png Graphic file (type png)
<use modulo_constelacion_rx.png>
Package pdftex.def Info: modulo_constelacion_rx.png  used on input line 198.
(pdftex.def)             Requested size: 330.76329pt x 212.50781pt.
[33 <./modulo_constelacion_rx.png>] [34]
Overfull \hbox (5.0612pt too wide) in paragraph at lines 228--228
|[]\OT1/phv/b/n/12 PROP[]OSI-TO Y ES-TRUC-TU-RA DEL SCRIPT DE PRUE-BAS (TEST[]P
HY.PY)| 
 []

[35]
Overfull \hbox (12.40628pt too wide) in paragraph at lines 253--254
[]\OT1/phv/m/n/10.95 Para ga-ran-ti-zar la fle-xi-bi-li-dad compu-tacio-nal e i
n-de-pen-den-cia es-tad[]^^Psti-ca, el script \OT1/cmtt/m/n/10.95 test[]phy.py
 []


Overfull \hbox (37.64708pt too wide) in paragraph at lines 253--254
[]$ \OT1/phv/m/n/10.95 pa-ra el ba-rri-do anal[]^^Pti-co ideal y $\OML/cmm/m/it
/10.95 N[] \OT1/cmr/m/n/10.95 = []$
 []

[36]) [37]
\openout2 = `cap3.aux'.

(cap3.tex
Cap\'{\i }tulo 3.

Overfull \hbox (2.77458pt too wide) in paragraph at lines 4--4
|[]\OT1/phv/b/n/14 CONFIGURACI[]ON EX-PE-RI-MEN-TAL Y MO-TOR DE SI-MU-LA-CI[]ON
| 
 []


Overfull \hbox (1.63177pt too wide) in paragraph at lines 6--7
[]\OT1/phv/m/n/10.95 Antes de ana-li-zar los da-tos ob-te-ni-dos, se pre-sen-ta
 la es-pe-ci-fi-ca-ci[]on de-ta-lla-da de los par[]ame-
 []


Underfull \hbox (badness 3189) in paragraph at lines 23--23
[]|\OT1/phv/m/n/10.95 Diferencia de al-tu-ra (RSU a
 []

[38




]
Overfull \hbox (1.11017pt too wide) in paragraph at lines 42--43
\OT1/cmtt/m/n/10.95 insert[]guard[]interval()\OT1/phv/m/n/10.95 . La se[]nal ex
-ten-di-da se mul-ti-plic[]o en la fun-ci[]on \OT1/cmtt/m/n/10.95 windowing()
 []


Overfull \hbox (34.84451pt too wide) in paragraph at lines 43--44
[]\OT1/phv/b/n/10.95 Modulaci[]on I/Q, bias y fren-te []opti-co: \OT1/phv/m/n/1
0.95 Se mul-ti-plic[]o el flu-jo con-ca-te-na-do en \OT1/cmtt/m/n/10.95 iq[]mod
ulation()
 []


Overfull \hbox (16.76637pt too wide) in paragraph at lines 44--45
[]\OT1/phv/b/n/10.95 Canal []opti-co y rui-do: \OT1/phv/m/n/10.95 Se aplic[]o l
a fun-ci[]on del ca-nal []opti-co \OT1/cmtt/m/n/10.95 optical[]wireless[]channe
l()\OT1/phv/m/n/10.95 ,
 []

[39]
<resultado_simulacion.png, id=943, 1606.0pt x 1146.2825pt>
File: resultado_simulacion.png Graphic file (type png)
<use resultado_simulacion.png>
Package pdftex.def Info: resultado_simulacion.png  used on input line 64.
(pdftex.def)             Requested size: 374.86775pt x 267.55737pt.
[40] [41 <./resultado_simulacion.png>]
<curvas_rendimiento_ideal.png, id=955, 1606.0pt x 687.56876pt>
File: curvas_rendimiento_ideal.png Graphic file (type png)
<use curvas_rendimiento_ideal.png>
Package pdftex.def Info: curvas_rendimiento_ideal.png  used on input line 79.
(pdftex.def)             Requested size: 374.86775pt x 160.48756pt.
<curvas_rendimiento_grid_snr_08us.png, id=960, 978.65625pt x 1580.90625pt>
File: curvas_rendimiento_grid_snr_08us.png Graphic file (type png)
<use curvas_rendimiento_grid_snr_08us.png>
Package pdftex.def Info: curvas_rendimiento_grid_snr_08us.png  used on input li
ne 90.
(pdftex.def)             Requested size: 323.94315pt x 523.2993pt.
[42 <./curvas_rendimiento_ideal.png>]
<curvas_rendimiento_grid_snr_16us.png, id=967, 978.65625pt x 1580.90625pt>
File: curvas_rendimiento_grid_snr_16us.png Graphic file (type png)
<use curvas_rendimiento_grid_snr_16us.png>
Package pdftex.def Info: curvas_rendimiento_grid_snr_16us.png  used on input li
ne 97.
(pdftex.def)             Requested size: 323.94315pt x 523.2993pt.
[43 <./curvas_rendimiento_grid_snr_08us.png>]
<curvas_rendimiento_grid_snr_32us.png, id=973, 978.65625pt x 1580.90625pt>
File: curvas_rendimiento_grid_snr_32us.png Graphic file (type png)
<use curvas_rendimiento_grid_snr_32us.png>
Package pdftex.def Info: curvas_rendimiento_grid_snr_32us.png  used on input li
ne 104.
(pdftex.def)             Requested size: 323.94315pt x 523.2993pt.
[44 <./curvas_rendimiento_grid_snr_16us.png>] [45 <./curvas_rendimiento_grid_sn
r_32us.png>]
<curvas_rendimiento_escenarios.png, id=988, 1606.0pt x 687.56876pt>
File: curvas_rendimiento_escenarios.png Graphic file (type png)
<use curvas_rendimiento_escenarios.png>
Package pdftex.def Info: curvas_rendimiento_escenarios.png  used on input line 
119.
(pdftex.def)             Requested size: 374.86775pt x 160.48756pt.
<curvas_rendimiento_grid_ber_dist_08us.png, id=993, 978.65625pt x 1580.90625pt>

File: curvas_rendimiento_grid_ber_dist_08us.png Graphic file (type png)
<use curvas_rendimiento_grid_ber_dist_08us.png>
Package pdftex.def Info: curvas_rendimiento_grid_ber_dist_08us.png  used on inp
ut line 130.
(pdftex.def)             Requested size: 323.94315pt x 523.2993pt.
[46 <./curvas_rendimiento_escenarios.png>]
<curvas_rendimiento_grid_ber_dist_16us.png, id=999, 978.65625pt x 1580.90625pt>

File: curvas_rendimiento_grid_ber_dist_16us.png Graphic file (type png)
<use curvas_rendimiento_grid_ber_dist_16us.png>
Package pdftex.def Info: curvas_rendimiento_grid_ber_dist_16us.png  used on inp
ut line 137.
(pdftex.def)             Requested size: 323.94315pt x 523.2993pt.
[47 <./curvas_rendimiento_grid_ber_dist_08us.png>]
<curvas_rendimiento_grid_ber_dist_32us.png, id=1005, 978.65625pt x 1580.90625pt
>
File: curvas_rendimiento_grid_ber_dist_32us.png Graphic file (type png)
<use curvas_rendimiento_grid_ber_dist_32us.png>
Package pdftex.def Info: curvas_rendimiento_grid_ber_dist_32us.png  used on inp
ut line 144.
(pdftex.def)             Requested size: 323.94315pt x 523.2993pt.
[48 <./curvas_rendimiento_grid_ber_dist_16us.png>] [49 <./curvas_rendimiento_gr
id_ber_dist_32us.png>]
<curvas_rendimiento_grid_throughput_08us.png, id=1023, 978.65625pt x 1580.90625
pt>
File: curvas_rendimiento_grid_throughput_08us.png Graphic file (type png)
<use curvas_rendimiento_grid_throughput_08us.png>
Package pdftex.def Info: curvas_rendimiento_grid_throughput_08us.png  used on i
nput line 164.
(pdftex.def)             Requested size: 323.94315pt x 523.2993pt.
[50]
<curvas_rendimiento_grid_throughput_16us.png, id=1028, 978.65625pt x 1580.90625
pt>
File: curvas_rendimiento_grid_throughput_16us.png Graphic file (type png)
<use curvas_rendimiento_grid_throughput_16us.png>
Package pdftex.def Info: curvas_rendimiento_grid_throughput_16us.png  used on i
nput line 171.
(pdftex.def)             Requested size: 323.94315pt x 523.2993pt.
[51 <./curvas_rendimiento_grid_throughput_08us.png>]
<curvas_rendimiento_grid_throughput_32us.png, id=1034, 978.65625pt x 1580.90625
pt>
File: curvas_rendimiento_grid_throughput_32us.png Graphic file (type png)
<use curvas_rendimiento_grid_throughput_32us.png>
Package pdftex.def Info: curvas_rendimiento_grid_throughput_32us.png  used on i
nput line 178.
(pdftex.def)             Requested size: 323.94315pt x 523.2993pt.
[52 <./curvas_rendimiento_grid_throughput_16us.png>] [53 <./curvas_rendimiento_
grid_throughput_32us.png>] [54]) [55] (main.bbl [56




]) [57]
\openout2 = `anexos.aux'.

(anexos.tex

Package hyperref Warning: The anchor of a bookmark and its parent's must not
(hyperref)                be the same. Added a new anchor on input line 10.


Overfull \hbox (52.00104pt too wide) in paragraph at lines 29--29
 []    \OT1/cmtt/m/n/10.95 git clone https://github.com/carlosdaniel2440/v2i-ie
ee802.11bb-simulation.git[] 
 []


pdfTeX warning (ext4): destination with the same identifier (name{page.I}) has 
been already used, duplicate ignored
<to be read again> 
                   \relax 
l.46 
      [1



]
pdfTeX warning (ext4): destination with the same identifier (name{page.II}) has
 been already used, duplicate ignored
<to be read again> 
                   \relax 
l.60 \clearpage
                [2]
Underfull \hbox (badness 1412) in paragraph at lines 92--92
[]|\OT1/phv/m/n/10.95 Mapeo Gray mul-ti-ni-vel (BPSK a
 []


Underfull \hbox (badness 1424) in paragraph at lines 92--92
[]|\OT1/phv/m/n/10.95 Transformada IFFT ma-tri-cial con
 []


Underfull \hbox (badness 1062) in paragraph at lines 92--92
\OT1/phv/m/n/10.95 va-li-da-ci[]on del re-si-duo ima-gi-na-rio
 []


Underfull \hbox (badness 1990) in paragraph at lines 92--92
[]|\OT1/phv/m/n/10.95 Conversi[]on ha-cia arri-ba mul-ti-pli-
 []


Underfull \hbox (badness 5504) in paragraph at lines 92--92
\OT1/phv/m/n/10.95 ber-tiano 3D), Beer-Lambert at-
 []


pdfTeX warning (ext4): destination with the same identifier (name{page.III}) ha
s been already used, duplicate ignored
<to be read again> 
                   \relax 
l.94 
      [3

]
Underfull \hbox (badness 1097) in paragraph at lines 113--113
[]|\OT1/phv/m/n/10.95 Transformada FFT ma-tri-cial pa-ra
 []


Underfull \hbox (badness 7168) in paragraph at lines 113--113
[]|\OT1/phv/m/n/10.95 Descarte de sub-por-ta-do-ras de
 []


Underfull \hbox (badness 1057) in paragraph at lines 113--113
[]|\OT1/phv/m/n/10.95 Demapper Gray de de-ci-si[]on du-
 []


Underfull \hbox (badness 1210) in paragraph at lines 113--113
\OT1/phv/m/n/10.95 de da-tos me-dian-te ma-triz trans-
 []


Underfull \hbox (badness 1009) in paragraph at lines 113--113
[]|\OT1/phv/m/n/10.95 Inserci[]on de bo-rra-dos (\OT1/phv/m/sl/10.95 era-su-res
\OT1/phv/m/n/10.95 )
 []


pdfTeX warning (ext4): destination with the same identifier (name{page.IV}) has
 been already used, duplicate ignored
<to be read again> 
                   \relax 
l.115 
       [4]
pdfTeX warning (ext4): destination with the same identifier (name{page.V}) has 
been already used, duplicate ignored
<to be read again> 
                   \relax 
l.116 \clearpage
                 [5]
Overfull \hbox (0.77147pt too wide) in paragraph at lines 118--118
|\OT1/phv/b/n/14 ANEXO C. ES-TRUC-TU-RA COM-PLE-TA DEL RE-PO-SI-TO-RIO DE C[]OD
I-
 []


Overfull \hbox (41.87204pt too wide) in paragraph at lines 138--138
[]\OT1/cmtt/m/n/10.95 v2i-ieee802.11bb-simulation/               # Carpeta raiz
 del proyecto de simulacion[] 
 []


Overfull \hbox (87.86154pt too wide) in paragraph at lines 138--138
[]\OT1/cmtt/m/n/10.95 +-- physical_layer.py                            # Motor 
y biblioteca modular de capa fisica[] 
 []


Overfull \hbox (41.87204pt too wide) in paragraph at lines 138--138
[]\OT1/cmtt/m/n/10.95 +-- main.py                                # Banco de pru
eba cualitativo paso a paso[] 
 []


Overfull \hbox (41.87204pt too wide) in paragraph at lines 138--138
[]\OT1/cmtt/m/n/10.95 +-- test_phy.py                            # Caracterizac
ion estadistica Monte Carlo[] 
 []


Overfull \hbox (59.1181pt too wide) in paragraph at lines 138--138
[]\OT1/cmtt/m/n/10.95 +-- requirements.txt                       # Librerias Py
thon de soporte (NumPy, SciPy)[] 
 []


Overfull \hbox (47.62073pt too wide) in paragraph at lines 138--138
[]\OT1/cmtt/m/n/10.95 +-- README.md                              # Guia e instr
uctivo tecnico del simulador[] 
 []


Overfull \hbox (36.12335pt too wide) in paragraph at lines 138--138
[]\OT1/cmtt/m/n/10.95 +-- plots/                                 # Directorio p
ara exportacion de figuras[] 
 []

)
pdfTeX warning (ext4): destination with the same identifier (name{page.VI}) has
 been already used, duplicate ignored
<to be read again> 
                   \relax 
l.115 \include{anexos}
                       [6

] (main.aux (preliminares.aux)
LaTeX Info: Redefining \. on input line 12.
LaTeX Info: Redefining \% on input line 12.
(cap1.aux) (cap2.aux) (cap3.aux) (anexos.aux))
 ***********
LaTeX2e <2025-11-01>
L3 programming layer <2025-12-24>
 ***********
Package rerunfilecheck Info: File `main.out' has not changed.
(rerunfilecheck)             Checksum: A42D14D9DD31E2E241567433ECC174BC;19798.
 ) 
Here is how much of TeX's memory you used:
 27414 strings out of 467871
 532732 string characters out of 5418377
 981316 words of memory out of 5000000
 55548 multiletter control sequences out of 15000+600000
 657306 words of font info for 91 fonts, out of 8000000 for 9000
 1141 hyphenation exceptions out of 8191
 84i,16n,104p,1859b,808s stack positions out of 10000i,1000n,20000p,200000b,200000s
<C:/Users/carlo/AppData/Local/Programs/MiKTeX/fonts/type1/public/amsfonts/cm/
cmex10.pfb><C:/Users/carlo/AppData/Local/Programs/MiKTeX/fonts/type1/public/ams
fonts/cm/cmmi10.pfb><C:/Users/carlo/AppData/Local/Programs/MiKTeX/fonts/type1/p
ublic/amsfonts/cm/cmmi6.pfb><C:/Users/carlo/AppData/Local/Programs/MiKTeX/fonts
/type1/public/amsfonts/cm/cmmi8.pfb><C:/Users/carlo/AppData/Local/Programs/MiKT
eX/fonts/type1/public/amsfonts/cm/cmr10.pfb><C:/Users/carlo/AppData/Local/Progr
ams/MiKTeX/fonts/type1/public/amsfonts/cm/cmr6.pfb><C:/Users/carlo/AppData/Loca
l/Programs/MiKTeX/fonts/type1/public/amsfonts/cm/cmr8.pfb><C:/Users/carlo/AppDa
ta/Local/Programs/MiKTeX/fonts/type1/public/amsfonts/cm/cmsy10.pfb><C:/Users/ca
rlo/AppData/Local/Programs/MiKTeX/fonts/type1/public/amsfonts/cm/cmsy8.pfb><C:/
Users/carlo/AppData/Local/Programs/MiKTeX/fonts/type1/public/amsfonts/cm/cmtt10
.pfb><C:/Users/carlo/AppData/Local/Programs/MiKTeX/fonts/type1/public/amsfonts/
cm/cmtt12.pfb><C:/Users/carlo/AppData/Local/Programs/MiKTeX/fonts/type1/public/
amsfonts/symbols/msbm10.pfb><C:/Users/carlo/AppData/Local/Programs/MiKTeX/fonts
/type1/urw/helvetic/uhvb8a.pfb><C:/Users/carlo/AppData/Local/Programs/MiKTeX/fo
nts/type1/urw/helvetic/uhvbo8a.pfb><C:/Users/carlo/AppData/Local/Programs/MiKTe
X/fonts/type1/urw/helvetic/uhvr8a.pfb><C:/Users/carlo/AppData/Local/Programs/Mi
KTeX/fonts/type1/urw/helvetic/uhvro8a.pfb>
Output written on main.pdf (76 pages, 8002521 bytes).
PDF statistics:
 1217 PDF objects out of 1440 (max. 8388607)
 245 named destinations out of 1000 (max. 500000)
 718 words of extra memory for PDF output out of 10000 (max. 10000000)

